 zlibwapi

 Timestamp is 55201d05 (Sat Apr 04 19:19:01 2015)

 Preferred load address is 10000000

 Start         Length     Name                   Class
 0001:00000000 000206e2H .text$mn                CODE
 0002:00000000 00000104H .CRT$XCA                DATA
 0002:00000104 00000104H .CRT$XCZ                DATA
 0002:00000208 00000104H .CRT$XIA                DATA
 0002:0000030c 00000104H .CRT$XIAA               DATA
 0002:00000410 00000104H .CRT$XIC                DATA
 0002:00000514 00000104H .CRT$XIZ                DATA
 0002:00000620 00004e71H .rdata                  DATA
 0002:00005494 000001a8H .rdata$debug            DATA
 0002:00005640 00000104H .rdata$sxdata           DATA
 0002:00005744 00000104H .rtc$IAA                DATA
 0002:00005848 00000104H .rtc$IZZ                DATA
 0002:0000594c 00000104H .rtc$TAA                DATA
 0002:00005a50 00000104H .rtc$TZZ                DATA
 0002:00005b58 00000178H .xdata$x                DATA
 0002:00005cd0 00000fb8H .edata                  DATA
 0003:00000000 00000857H .data                   DATA
 0003:00000858 0000036cH .bss                    DATA
 0004:00000000 00000188H .idata$5                DATA
 0004:00000188 00000028H .idata$2                DATA
 0004:000001b0 00000014H .idata$3                DATA
 0004:000001c4 00000188H .idata$4                DATA
 0004:0000034c 00000517H .idata$6                DATA
 0005:00000000 00000169H .rsrc$01                DATA
 0005:00000170 000004dcH .rsrc$02                DATA

  Address         Publics by Value              Rva+Base       Lib:Object

 0000:00000000       ___guard_flags             00000000     <absolute>
 0000:00000000       ___guard_fids_table        00000000     <absolute>
 0000:00000000       ___guard_fids_count        00000000     <absolute>
 0000:00000001       ___safe_se_handler_count   00000001     <absolute>
 0000:00000000       ___ImageBase               10000000     <linker-defined>
 0001:000006c0       _longest_match             100016c0 f   match686.obj
 0001:000008a8       _match_init                100018a8 f   match686.obj
 0001:00000a30       _inflate_fast              10001a30 f   inffas32.obj
 0001:000012b0       _adler32@12                100022b0 f   adler32.obj
 0001:00001850       _adler32_combine@12        10002850 f   adler32.obj
 0001:00001970       _adler32_combine64@16      10002970 f   adler32.obj
 0001:00001b50       _compress@16               10002b50 f   compress.obj
 0001:00001b70       _compress2@20              10002b70 f   compress.obj
 0001:00001c30       _compressBound@4           10002c30 f   compress.obj
 0001:00001ca0       _crc32@12                  10002ca0 f   crc32.obj
 0001:00001ef0       _crc32_combine@12          10002ef0 f   crc32.obj
 0001:00001f10       _get_crc_table@0           10002f10 f   crc32.obj
 0001:00002bf0       _crc32_combine64@16        10003bf0 f   crc32.obj
 0001:00002ff0       _deflate@8                 10003ff0 f   deflate.obj
 0001:00003f50       _deflateEnd@4              10004f50 f   deflate.obj
 0001:000040a0       _deflateSetDictionary@12   100050a0 f   deflate.obj
 0001:00004310       _deflateCopy@8             10005310 f   deflate.obj
 0001:00004570       _deflateReset@4            10005570 f   deflate.obj
 0001:000045a0       _deflateParams@12          100055a0 f   deflate.obj
 0001:000046e0       _deflateTune@20            100056e0 f   deflate.obj
 0001:00004740       _deflateBound@8            10005740 f   deflate.obj
 0001:000048d0       _deflatePending@12         100058d0 f   deflate.obj
 0001:00004920       _deflatePrime@12           10005920 f   deflate.obj
 0001:00004a00       _deflateSetHeader@8        10005a00 f   deflate.obj
 0001:00004a40       _deflateInit_@16           10005a40 f   deflate.obj
 0001:00004a70       _deflateInit2_@32          10005a70 f   deflate.obj
 0001:00004dc0       _deflateResetKeep@4        10005dc0 f   deflate.obj
 0001:00007d60       _gzclose@4                 10008d60 f   gzclose.obj
 0001:00007dc0       _gzdopen@8                 10008dc0 f   gzlib.obj
 0001:00007e30       _gzbuffer@8                10008e30 f   gzlib.obj
 0001:00007e90       _gzrewind@4                10008e90 f   gzlib.obj
 0001:00007f20       _gzeof@4                   10008f20 f   gzlib.obj
 0001:00007f80       _gzerror@8                 10008f80 f   gzlib.obj
 0001:00008000       _gzclearerr@4              10009000 f   gzlib.obj
 0001:00008070       _gzopen@8                  10009070 f   gzlib.obj
 0001:00008090       _gzseek@12                 10009090 f   gzlib.obj
 0001:000080f0       _gztell@4                  100090f0 f   gzlib.obj
 0001:00008140       _gzoffset@4                10009140 f   gzlib.obj
 0001:00008190       _gzopen_w@8                10009190 f   gzlib.obj
 0001:000081b0       _gzopen64@8                100091b0 f   gzlib.obj
 0001:000081d0       _gzseek64@16               100091d0 f   gzlib.obj
 0001:000084b0       _gztell64@4                100094b0 f   gzlib.obj
 0001:00008530       _gzoffset64@4              10009530 f   gzlib.obj
 0001:000085d0       _gz_error                  100095d0 f   gzlib.obj
 0001:00008f10       _gzread@12                 10009f10 f   gzread.obj
 0001:00009130       _gzgets@12                 1000a130 f   gzread.obj
 0001:000092e0       _gzgetc@4                  1000a2e0 f   gzread.obj
 0001:000093b0       _gzungetc@8                1000a3b0 f   gzread.obj
 0001:00009580       _gzdirect@4                1000a580 f   gzread.obj
 0001:000095d0       _gzclose_r@4               1000a5d0 f   gzread.obj
 0001:000096c0       _gzgetc_@4                 1000a6c0 f   gzread.obj
 0001:0000a180       _gzsetparams@12            1000b180 f   gzwrite.obj
 0001:0000a270       _gzwrite@12                1000b270 f   gzwrite.obj
 0001:0000a470       _gzprintf                  1000b470 f   gzwrite.obj
 0001:0000a4b0       _gzputs@8                  1000b4b0 f   gzwrite.obj
 0001:0000a500       _gzputc@8                  1000b500 f   gzwrite.obj
 0001:0000a630       _gzflush@8                 1000b630 f   gzwrite.obj
 0001:0000a6d0       _gzclose_w@4               1000b6d0 f   gzwrite.obj
 0001:0000a7f0       _gzvprintf                 1000b7f0 f   gzwrite.obj
 0001:0000b080       _inflateBack@20            1000c080 f   infback.obj
 0001:0000c430       _inflateBackEnd@4          1000d430 f   infback.obj
 0001:0000c480       _inflateBackInit_@20       1000d480 f   infback.obj
 0001:0000cb20       _inflate@8                 1000db20 f   inflate.obj
 0001:0000ebe0       _inflateEnd@4              1000fbe0 f   inflate.obj
 0001:0000ec60       _inflateSetDictionary@12   1000fc60 f   inflate.obj
 0001:0000ed20       _inflateGetDictionary@12   1000fd20 f   inflate.obj
 0001:0000edc0       _inflateSync@4             1000fdc0 f   inflate.obj
 0001:0000ef50       _inflateCopy@8             1000ff50 f   inflate.obj
 0001:0000f120       _inflateReset@4            10010120 f   inflate.obj
 0001:0000f170       _inflateReset2@8           10010170 f   inflate.obj
 0001:0000f240       _inflatePrime@12           10010240 f   inflate.obj
 0001:0000f2e0       _inflateMark@4             100102e0 f   inflate.obj
 0001:0000f360       _inflateGetHeader@8        10010360 f   inflate.obj
 0001:0000f3b0       _inflateInit_@12           100103b0 f   inflate.obj
 0001:0000f3d0       _inflateInit2_@16          100103d0 f   inflate.obj
 0001:0000f4e0       _inflateSyncPoint@4        100104e0 f   inflate.obj
 0001:0000f530       _inflateUndermine@8        10010530 f   inflate.obj
 0001:0000f590       _inflateResetKeep@4        10010590 f   inflate.obj
 0001:00010450       _inflate_table             10011450 f   inftrees.obj
 0001:00010b70       _fill_fopen64_filefunc     10011b70 f   ioapi.obj
 0001:00010bd0       _fill_fopen_filefunc       10011bd0 f   ioapi.obj
 0001:00010c30       _call_zopen64              10011c30 f   ioapi.obj
 0001:00010c80       _call_zseek64              10011c80 f   ioapi.obj
 0001:00010d00       _call_ztell64              10011d00 f   ioapi.obj
 0001:00010d60       _fill_zlib_filefunc64_32_def_from_filefunc32 10011d60 f   ioapi.obj
 0001:00011210       _fill_win32_filefunc       10012210 f   iowin32.obj
 0001:00011270       _fill_win32_filefunc64     10012270 f   iowin32.obj
 0001:000112d0       _fill_win32_filefunc64A    100122d0 f   iowin32.obj
 0001:00011330       _fill_win32_filefunc64W    10012330 f   iowin32.obj
 0001:00011390       _win32_open_file_func      10012390 f   iowin32.obj
 0001:00011400       _win32_read_file_func      10012400 f   iowin32.obj
 0001:00011470       _win32_write_file_func     10012470 f   iowin32.obj
 0001:000114e0       _win32_tell64_file_func    100124e0 f   iowin32.obj
 0001:00011570       _win32_seek64_file_func    10012570 f   iowin32.obj
 0001:00011630       _win32_close_file_func     10012630 f   iowin32.obj
 0001:00011680       _win32_error_file_func     10012680 f   iowin32.obj
 0001:000117a0       _win32_open64_file_func    100127a0 f   iowin32.obj
 0001:00011810       _win32_open64_file_funcA   10012810 f   iowin32.obj
 0001:000118a0       _win32_open64_file_funcW   100128a0 f   iowin32.obj
 0001:00011930       _win32_tell_file_func      10012930 f   iowin32.obj
 0001:000119b0       _win32_seek_file_func      100129b0 f   iowin32.obj
 0001:00011c90       __tr_init                  10012c90 f   trees.obj
 0001:00011d20       __tr_tally                 10012d20 f   trees.obj
 0001:00011e60       __tr_flush_block           10012e60 f   trees.obj
 0001:00012230       __tr_flush_bits            10013230 f   trees.obj
 0001:00012250       __tr_align                 10013250 f   trees.obj
 0001:000124c0       __tr_stored_block          100134c0 f   trees.obj
 0001:00015ad0       _uncompress@16             10016ad0 f   uncompr.obj
 0001:00015bd0       _unzStringFileNameCompare@12 10016bd0 f   unzip.obj
 0001:00015c10       _unzOpen@4                 10016c10 f   unzip.obj
 0001:00015c30       _unzOpen64@4               10016c30 f   unzip.obj
 0001:00015c50       _unzOpen2@8                10016c50 f   unzip.obj
 0001:00015ca0       _unzOpen2_64@8             10016ca0 f   unzip.obj
 0001:00015d00       _unzClose@4                10016d00 f   unzip.obj
 0001:00015d60       _unzGetGlobalInfo@8        10016d60 f   unzip.obj
 0001:00015da0       _unzGetGlobalInfo64@8      10016da0 f   unzip.obj
 0001:00015de0       _unzGetGlobalComment@12    10016de0 f   unzip.obj
 0001:00015eb0       _unzGoToFirstFile@4        10016eb0 f   unzip.obj
 0001:00015f50       _unzGoToNextFile@4         10016f50 f   unzip.obj
 0001:00016090       _unzLocateFile@12          10017090 f   unzip.obj
 0001:000161f0       _unzGetFilePos@8           100171f0 f   unzip.obj
 0001:00016230       _unzGoToFilePos@8          10017230 f   unzip.obj
 0001:00016280       _unzGetFilePos64@8         10017280 f   unzip.obj
 0001:000162f0       _unzGoToFilePos64@8        100172f0 f   unzip.obj
 0001:00016390       _unzGetCurrentFileInfo64@32 10017390 f   unzip.obj
 0001:000163d0       _unzGetCurrentFileInfo@32  100173d0 f   unzip.obj
 0001:000164d0       _unzGetCurrentFileZStreamPos64@4 100174d0 f   unzip.obj
 0001:00016530       _unzOpenCurrentFile@4      10017530 f   unzip.obj
 0001:00016550       _unzOpenCurrentFilePassword@8 10017550 f   unzip.obj
 0001:00016570       _unzOpenCurrentFile2@16    10017570 f   unzip.obj
 0001:00016590       _unzOpenCurrentFile3@20    10017590 f   unzip.obj
 0001:00016900       _unzCloseCurrentFile@4     10017900 f   unzip.obj
 0001:000169f0       _unzReadCurrentFile@12     100179f0 f   unzip.obj
 0001:00016ed0       _unztell@4                 10017ed0 f   unzip.obj
 0001:00016f10       _unztell64@4               10017f10 f   unzip.obj
 0001:00016f60       _unzeof@4                  10017f60 f   unzip.obj
 0001:00016fc0       _unzGetLocalExtrafield@12  10017fc0 f   unzip.obj
 0001:000170d0       _unzGetOffset64@4          100180d0 f   unzip.obj
 0001:00017180       _unzGetOffset@4            10018180 f   unzip.obj
 0001:000171b0       _unzSetOffset64@12         100181b0 f   unzip.obj
 0001:00017250       _unzSetOffset@8            10018250 f   unzip.obj
 0001:00019960       _zipOpen@8                 1001a960 f   zip.obj
 0001:00019980       _zipOpen64@8               1001a980 f   zip.obj
 0001:000199a0       _zipOpen2@16               1001a9a0 f   zip.obj
 0001:000199f0       _zipOpen2_64@16            1001a9f0 f   zip.obj
 0001:00019a50       _zipOpenNewFileInZip@40    1001aa50 f   zip.obj
 0001:00019aa0       _zipOpenNewFileInZip64@44  1001aaa0 f   zip.obj
 0001:00019af0       _zipOpenNewFileInZip2@44   1001aaf0 f   zip.obj
 0001:00019b40       _zipOpenNewFileInZip2_64@48 1001ab40 f   zip.obj
 0001:00019b90       _zipOpenNewFileInZip3@64   1001ab90 f   zip.obj
 0001:00019bf0       _zipOpenNewFileInZip3_64@68 1001abf0 f   zip.obj
 0001:00019c50       _zipOpenNewFileInZip4@72   1001ac50 f   zip.obj
 0001:00019cb0       _zipOpenNewFileInZip4_64@76 1001acb0 f   zip.obj
 0001:0001a400       _zipWriteInFileInZip@12    1001b400 f   zip.obj
 0001:0001a600       _zipCloseFileInZip@4       1001b600 f   zip.obj
 0001:0001a620       _zipCloseFileInZipRaw@12   1001b620 f   zip.obj
 0001:0001a640       _zipCloseFileInZipRaw64@16 1001b640 f   zip.obj
 0001:0001ad40       _zipClose@8                1001bd40 f   zip.obj
 0001:0001af60       _zipRemoveExtraInfoBlock@12 1001bf60 f   zip.obj
 0001:0001c060       _LoadCentralDirectoryRecord 1001d060 f   zip.obj
 0001:0001c6a0       _zipOpen3@16               1001d6a0 f   zip.obj
 0001:0001c860       _Write_LocalFileHeader     1001d860 f   zip.obj
 0001:0001cd20       _Write_Zip64EndOfCentralDirectoryLocator 1001dd20 f   zip.obj
 0001:0001cde0       _Write_Zip64EndOfCentralDirectoryRecord 1001dde0 f   zip.obj
 0001:0001cf90       _Write_EndOfCentralDirectoryRecord 1001df90 f   zip.obj
 0001:0001d190       _Write_GlobalComment       1001e190 f   zip.obj
 0001:0001e050       _zlibVersion@0             1001f050 f   zutil.obj
 0001:0001e060       _zlibCompileFlags@0        1001f060 f   zutil.obj
 0001:0001e190       _zError@4                  1001f190 f   zutil.obj
 0001:0001e1b0       _zcalloc                   1001f1b0 f   zutil.obj
 0001:0001e1e0       _zcfree                    1001f1e0 f   zutil.obj
 0001:0001e25a       _ReadFile@20               1001f25a f   kernel32:KERNEL32.dll
 0001:0001e260       _SetFilePointerEx@20       1001f260 f   kernel32:KERNEL32.dll
 0001:0001e266       _WriteFile@20              1001f266 f   kernel32:KERNEL32.dll
 0001:0001e26c       _CreateFile2@20            1001f26c f   kernel32:KERNEL32.dll
 0001:0001e272       _CloseHandle@4             1001f272 f   kernel32:KERNEL32.dll
 0001:0001e278       _GetLastError@0            1001f278 f   kernel32:KERNEL32.dll
 0001:0001e27e       _MultiByteToWideChar@24    1001f27e f   kernel32:KERNEL32.dll
 0001:0001e290       __allrem                   1001f290 f   MSVCRTD:llrem.obj
 0001:0001e350       __allshr                   1001f350 f   MSVCRTD:llshr.obj
 0001:0001e372       _memcpy                    1001f372 f   MSVCRTD:MSVCR120D.dll
 0001:0001e378       _memset                    1001f378 f   MSVCRTD:MSVCR120D.dll
 0001:0001e37e       __snprintf                 1001f37e f   MSVCRTD:MSVCR120D.dll
 0001:0001e384       _strlen                    1001f384 f   MSVCRTD:MSVCR120D.dll
 0001:0001e38a       _wcstombs                  1001f38a f   MSVCRTD:MSVCR120D.dll
 0001:0001e390       _free                      1001f390 f   MSVCRTD:MSVCR120D.dll
 0001:0001e396       _malloc                    1001f396 f   MSVCRTD:MSVCR120D.dll
 0001:0001e39c       __lseeki64                 1001f39c f   MSVCRTD:MSVCR120D.dll
 0001:0001e3a2       __open                     1001f3a2 f   MSVCRTD:MSVCR120D.dll
 0001:0001e3a8       __wopen                    1001f3a8 f   MSVCRTD:MSVCR120D.dll
 0001:0001e3ae       _memchr                    1001f3ae f   MSVCRTD:MSVCR120D.dll
 0001:0001e3b4       _strerror                  1001f3b4 f   MSVCRTD:MSVCR120D.dll
 0001:0001e3ba       __errno                    1001f3ba f   MSVCRTD:MSVCR120D.dll
 0001:0001e3c0       __close                    1001f3c0 f   MSVCRTD:MSVCR120D.dll
 0001:0001e3c6       __read                     1001f3c6 f   MSVCRTD:MSVCR120D.dll
 0001:0001e3cc       __write                    1001f3cc f   MSVCRTD:MSVCR120D.dll
 0001:0001e3d2       _fclose                    1001f3d2 f   MSVCRTD:MSVCR120D.dll
 0001:0001e3d8       _ferror                    1001f3d8 f   MSVCRTD:MSVCR120D.dll
 0001:0001e3de       _fopen                     1001f3de f   MSVCRTD:MSVCR120D.dll
 0001:0001e3e4       _fread                     1001f3e4 f   MSVCRTD:MSVCR120D.dll
 0001:0001e3ea       _fseek                     1001f3ea f   MSVCRTD:MSVCR120D.dll
 0001:0001e3f0       _ftell                     1001f3f0 f   MSVCRTD:MSVCR120D.dll
 0001:0001e3f6       __fseeki64                 1001f3f6 f   MSVCRTD:MSVCR120D.dll
 0001:0001e3fc       __ftelli64                 1001f3fc f   MSVCRTD:MSVCR120D.dll
 0001:0001e402       _fwrite                    1001f402 f   MSVCRTD:MSVCR120D.dll
 0001:0001e408       _strcmp                    1001f408 f   MSVCRTD:MSVCR120D.dll
 0001:0001e410       __allmul                   1001f410 f   MSVCRTD:llmul.obj
 0001:0001e450       __allshl                   1001f450 f   MSVCRTD:llshl.obj
 0001:0001e470       __aulldiv                  1001f470 f   MSVCRTD:ulldiv.obj
 0001:0001e4e0       __aullshr                  1001f4e0 f   MSVCRTD:ullshr.obj
 0001:0001e500       _rand                      1001f500 f   MSVCRTD:MSVCR120D.dll
 0001:0001e506       _srand                     1001f506 f   MSVCRTD:MSVCR120D.dll
 0001:0001e50c       __time64                   1001f50c f   MSVCRTD:MSVCR120D.dll
 0001:0001e520       __chkstk                   1001f520 f   MSVCRTD:chkstk.obj
 0001:0001e520       __alloca_probe             1001f520 f   MSVCRTD:chkstk.obj
 0001:0001e5d0       _NtCurrentTeb              1001f5d0 f i MSVCRTD:crtdll.obj
 0001:0001e5e0       __CRT_INIT@12              1001f5e0 f   MSVCRTD:crtdll.obj
 0001:0001e8c0       __DllMainCRTStartup@12     1001f8c0 f   MSVCRTD:crtdll.obj
 0001:0001eab0       __vsnprintf                1001fab0 f   MSVCRTD:MSVCR120D.dll
 0001:0001eab6       ___CppXcptFilter           1001fab6 f   MSVCRTD:MSVCR120D.dll
 0001:0001eabc       __amsg_exit                1001fabc f   MSVCRTD:MSVCR120D.dll
 0001:0001eac2       __malloc_dbg               1001fac2 f   MSVCRTD:MSVCR120D.dll
 0001:0001eac8       __free_dbg                 1001fac8 f   MSVCRTD:MSVCR120D.dll
 0001:0001eace       __CrtSetCheckCount         1001face f   MSVCRTD:MSVCR120D.dll
 0001:0001eae0       __FindPESection            1001fae0 f   MSVCRTD:pesect.obj
 0001:0001eb60       __IsNonwritableInCurrentImage 1001fb60 f   MSVCRTD:pesect.obj
 0001:0001ec90       __ValidateImageBase        1001fc90 f   MSVCRTD:pesect.obj
 0001:0001ecf0       ___atonexitinit            1001fcf0 f   MSVCRTD:atonexit.obj
 0001:0001eda0       __onexit                   1001fda0 f   MSVCRTD:atonexit.obj
 0001:0001eea0       _atexit                    1001fea0 f   MSVCRTD:atonexit.obj
 0001:0001eed0       ___security_init_cookie    1001fed0 f   MSVCRTD:gs_support.obj
 0001:0001efb0       _DllMain@12                1001ffb0 f   MSVCRTD:dllmain.obj
 0001:0001efe0       __RTC_Initialize           1001ffe0 f   MSVCRTD:initsect.obj
 0001:0001f010       __RTC_Terminate            10020010 f   MSVCRTD:initsect.obj
 0001:0001f036       __initterm                 10020036 f   MSVCRTD:MSVCR120D.dll
 0001:0001f03c       __initterm_e               1002003c f   MSVCRTD:MSVCR120D.dll
 0001:0001f050       ___clean_type_info_names   10020050 f   MSVCRTD:tncleanup.obj
 0001:0001f070       __except_handler4          10020070 f   MSVCRTD:chandler4gs.obj
 0001:0001f098       __lock                     10020098 f   MSVCRTD:MSVCR120D.dll
 0001:0001f09e       __unlock                   1002009e f   MSVCRTD:MSVCR120D.dll
 0001:0001f0a4       __CrtDbgReportW            100200a4 f   MSVCRTD:MSVCR120D.dll
 0001:0001f0aa       __calloc_dbg               100200aa f   MSVCRTD:MSVCR120D.dll
 0001:0001f0b0       ___dllonexit               100200b0 f   MSVCRTD:MSVCR120D.dll
 0001:0001f0b6       ___clean_type_info_names_internal 100200b6 f   MSVCRTD:MSVCR120D.dll
 0001:0001f0c0       @__security_check_cookie@4 100200c0 f   MSVCRTD:secchk.obj
 0001:0001f0d0       __except_handler4_common   100200d0 f   MSVCRTD:MSVCR120D.dll
 0001:0001f0e0       ___raise_securityfailure   100200e0 f   MSVCRTD:gs_report.obj
 0001:0001f130       ___report_gsfailure        10020130 f   MSVCRTD:gs_report.obj
 0001:0001f240       ___report_rangecheckfailure 10020240 f   MSVCRTD:gs_report.obj
 0001:0001f250       ___report_securityfailure  10020250 f   MSVCRTD:gs_report.obj
 0001:0001f330       ___report_securityfailureEx 10020330 f   MSVCRTD:gs_report.obj
 0001:0001f456       __crt_debugger_hook        10020456 f   MSVCRTD:MSVCR120D.dll
 0001:0001f45c       ___crtUnhandledException   1002045c f   MSVCRTD:MSVCR120D.dll
 0001:0001f462       ___crtTerminateProcess     10020462 f   MSVCRTD:MSVCR120D.dll
 0001:0001f468       _EncodePointer@4           10020468 f   kernel32:KERNEL32.dll
 0001:0001f46e       _DecodePointer@4           1002046e f   kernel32:KERNEL32.dll
 0001:0001f474       _QueryPerformanceCounter@4 10020474 f   kernel32:KERNEL32.dll
 0001:0001f47a       _GetCurrentProcessId@0     1002047a f   kernel32:KERNEL32.dll
 0001:0001f480       _GetCurrentThreadId@0      10020480 f   kernel32:KERNEL32.dll
 0001:0001f486       _GetSystemTimeAsFileTime@4 10020486 f   kernel32:KERNEL32.dll
 0001:0001f48c       _DisableThreadLibraryCalls@4 1002048c f   kernel32:KERNEL32.dll
 0001:0001f492       _IsDebuggerPresent@0       10020492 f   kernel32:KERNEL32.dll
 0001:0001f498       _IsProcessorFeaturePresent@4 10020498 f   kernel32:KERNEL32.dll
 0002:00000000       ___xc_a                    10022000     MSVCRTD:cinitexe.obj
 0002:00000104       ___xc_z                    10022104     MSVCRTD:cinitexe.obj
 0002:00000208       ___xi_a                    10022208     MSVCRTD:cinitexe.obj
 0002:00000514       ___xi_z                    10022514     MSVCRTD:cinitexe.obj
 0002:00002cc0       _deflate_copyright         10024cc0     deflate.obj
 0002:00004270       _inflate_copyright         10026270     inftrees.obj
 0002:000043e0       __length_code              100263e0     trees.obj
 0002:000044e0       __dist_code                100264e0     trees.obj
 0002:00005028       _unz_copyright             10027028     unzip.obj
 0002:00005090       _zip_copyright             10027090     zip.obj
 0002:000050f0       _z_errmsg                  100270f0     zutil.obj
 0002:00005120       __pDefaultRawDllMain       10027120     MSVCRTD:crtdll.obj
 0002:00005120       __pRawDllMain              10027120     MSVCRTD:crtdll.obj
 0002:00005124       ??_C@_0CL@CCAGLLEM@f?3?2dd?2vctools?2crt?2crtw32?2dllstuf@ 10027124     MSVCRTD:crtdll.obj
 0002:00005150       ??_C@_1MC@KPMPFEII@?$AA?$CI?$AA_?$AA_?$AAo?$AAn?$AAe?$AAx?$AAi?$AAt?$AAb?$AAe?$AAg?$AAi?$AAn?$AA?5?$AA?$CB?$AA?$DN?$AA?5?$AAN?$AAU?$AAL?$AAL?$AA?5?$AA?$CG?$AA?$CG?$AA?5?$AA_?$AA_?$AAo?$AAn?$AAe?$AAx@ 10027150     MSVCRTD:atonexit.obj
 0002:00005214       ??_C@_15GANGMFKL@?$AA?$CF?$AAs?$AA?$AA@ 10027214     MSVCRTD:atonexit.obj
 0002:00005220       ??_C@_1FK@IGIDCAPD@?$AAf?$AA?3?$AA?2?$AAd?$AAd?$AA?2?$AAv?$AAc?$AAt?$AAo?$AAo?$AAl?$AAs?$AA?2?$AAc?$AAr?$AAt?$AA?2?$AAc?$AAr?$AAt?$AAw?$AA3?$AA2?$AA?2?$AAd?$AAl?$AAl?$AAs?$AAt?$AAu?$AAf@ 10027220     MSVCRTD:atonexit.obj
 0002:0000527c       ??_C@_0CN@LMJJPMEG@f?3?2dd?2vctools?2crt?2crtw32?2dllstuf@ 1002727c     MSVCRTD:atonexit.obj
 0002:000052ac       ?ProcessDetach@NativeDll@<CrtImplementationDetails>@@0IB 100272ac     MSVCRTD:initsect.obj
 0002:000052b0       ?ProcessAttach@NativeDll@<CrtImplementationDetails>@@0IB 100272b0     MSVCRTD:initsect.obj
 0002:000052b4       ?ThreadAttach@NativeDll@<CrtImplementationDetails>@@0IB 100272b4     MSVCRTD:initsect.obj
 0002:000052b8       ?ThreadDetach@NativeDll@<CrtImplementationDetails>@@0IB 100272b8     MSVCRTD:initsect.obj
 0002:000052bc       ?ProcessVerifier@NativeDll@<CrtImplementationDetails>@@0IB 100272bc     MSVCRTD:initsect.obj
 0002:000052c0       ?value@?$integral_constant@_N$0A@@std@@2_NB 100272c0     MSVCRTD:tncleanup.obj
 0002:000052c1       ?value@?$integral_constant@_N$00@std@@2_NB 100272c1     MSVCRTD:tncleanup.obj
 0002:000052d0       __load_config_used         100272d0     MSVCRTD:loadcfg.obj
 0002:00005640       ___safe_se_handler_table   10027640     <linker-defined>
 0002:00005744       ___rtc_iaa                 10027744     MSVCRTD:initsect.obj
 0002:00005848       ___rtc_izz                 10027848     MSVCRTD:initsect.obj
 0002:0000594c       ___rtc_taa                 1002794c     MSVCRTD:initsect.obj
 0002:00005a50       ___rtc_tzz                 10027a50     MSVCRTD:initsect.obj
 0003:00000740       ___native_dllmain_reason   10029740     MSVCRTD:natstart.obj
 0003:00000744       ___security_cookie         10029744     MSVCRTD:gs_cookie.obj
 0003:00000748       ___security_cookie_complement 10029748     MSVCRTD:gs_cookie.obj
 0003:00000868       ?__type_info_root_node@@3U__type_info_node@@A 10029868     MSVCRTD:tncleanup.obj
 0003:00000b90       ___native_startup_lock     10029b90     <common>
 0003:00000ba0       ___native_startup_state    10029ba0     <common>
 0003:00000ba4       ___onexitend               10029ba4     <common>
 0003:00000bb4       ___onexitbegin             10029bb4     <common>
 0003:00000bb8       ___dyn_tls_init_callback   10029bb8     <common>
 0004:00000000       __imp__ReadFile@20         1002a000     kernel32:KERNEL32.dll
 0004:00000004       __imp__SetFilePointerEx@20 1002a004     kernel32:KERNEL32.dll
 0004:00000008       __imp__WriteFile@20        1002a008     kernel32:KERNEL32.dll
 0004:0000000c       __imp__CreateFile2@20      1002a00c     kernel32:KERNEL32.dll
 0004:00000010       __imp__CloseHandle@4       1002a010     kernel32:KERNEL32.dll
 0004:00000014       __imp__GetLastError@0      1002a014     kernel32:KERNEL32.dll
 0004:00000018       __imp__MultiByteToWideChar@24 1002a018     kernel32:KERNEL32.dll
 0004:0000001c       __imp__IsDebuggerPresent@0 1002a01c     kernel32:KERNEL32.dll
 0004:00000020       __imp__DisableThreadLibraryCalls@4 1002a020     kernel32:KERNEL32.dll
 0004:00000024       __imp__GetSystemTimeAsFileTime@4 1002a024     kernel32:KERNEL32.dll
 0004:00000028       __imp__GetCurrentThreadId@0 1002a028     kernel32:KERNEL32.dll
 0004:0000002c       __imp__GetCurrentProcessId@0 1002a02c     kernel32:KERNEL32.dll
 0004:00000030       __imp__QueryPerformanceCounter@4 1002a030     kernel32:KERNEL32.dll
 0004:00000034       __imp__DecodePointer@4     1002a034     kernel32:KERNEL32.dll
 0004:00000038       __imp__EncodePointer@4     1002a038     kernel32:KERNEL32.dll
 0004:0000003c       __imp__IsProcessorFeaturePresent@4 1002a03c     kernel32:KERNEL32.dll
 0004:00000040       \177KERNEL32_NULL_THUNK_DATA 1002a040     kernel32:KERNEL32.dll
 0004:00000078       __imp___wopen              1002a078     MSVCRTD:MSVCR120D.dll
 0004:0000007c       __imp__memchr              1002a07c     MSVCRTD:MSVCR120D.dll
 0004:00000080       __imp__strerror            1002a080     MSVCRTD:MSVCR120D.dll
 0004:00000084       __imp___errno              1002a084     MSVCRTD:MSVCR120D.dll
 0004:00000088       __imp___close              1002a088     MSVCRTD:MSVCR120D.dll
 0004:0000008c       __imp___read               1002a08c     MSVCRTD:MSVCR120D.dll
 0004:00000090       __imp___write              1002a090     MSVCRTD:MSVCR120D.dll
 0004:00000094       __imp__fclose              1002a094     MSVCRTD:MSVCR120D.dll
 0004:00000098       __imp__ferror              1002a098     MSVCRTD:MSVCR120D.dll
 0004:0000009c       __imp__fopen               1002a09c     MSVCRTD:MSVCR120D.dll
 0004:000000a0       __imp__fread               1002a0a0     MSVCRTD:MSVCR120D.dll
 0004:000000a4       __imp__fseek               1002a0a4     MSVCRTD:MSVCR120D.dll
 0004:000000a8       __imp__ftell               1002a0a8     MSVCRTD:MSVCR120D.dll
 0004:000000ac       __imp___fseeki64           1002a0ac     MSVCRTD:MSVCR120D.dll
 0004:000000b0       __imp___ftelli64           1002a0b0     MSVCRTD:MSVCR120D.dll
 0004:000000b4       __imp__fwrite              1002a0b4     MSVCRTD:MSVCR120D.dll
 0004:000000b8       __imp___open               1002a0b8     MSVCRTD:MSVCR120D.dll
 0004:000000bc       __imp__rand                1002a0bc     MSVCRTD:MSVCR120D.dll
 0004:000000c0       __imp__srand               1002a0c0     MSVCRTD:MSVCR120D.dll
 0004:000000c4       __imp___time64             1002a0c4     MSVCRTD:MSVCR120D.dll
 0004:000000c8       __imp___vsnprintf          1002a0c8     MSVCRTD:MSVCR120D.dll
 0004:000000c8       __imp__vsnprintf           1002a0c8     MSVCRTD:MSVCR120D.dll
 0004:000000cc       __imp____CppXcptFilter     1002a0cc     MSVCRTD:MSVCR120D.dll
 0004:000000d0       __imp___amsg_exit          1002a0d0     MSVCRTD:MSVCR120D.dll
 0004:000000d4       __imp___malloc_dbg         1002a0d4     MSVCRTD:MSVCR120D.dll
 0004:000000d8       __imp___free_dbg           1002a0d8     MSVCRTD:MSVCR120D.dll
 0004:000000dc       __imp___CrtSetCheckCount   1002a0dc     MSVCRTD:MSVCR120D.dll
 0004:000000e0       __imp___initterm           1002a0e0     MSVCRTD:MSVCR120D.dll
 0004:000000e4       __imp___initterm_e         1002a0e4     MSVCRTD:MSVCR120D.dll
 0004:000000e8       __imp___lock               1002a0e8     MSVCRTD:MSVCR120D.dll
 0004:000000ec       __imp___unlock             1002a0ec     MSVCRTD:MSVCR120D.dll
 0004:000000f0       __imp___CrtDbgReportW      1002a0f0     MSVCRTD:MSVCR120D.dll
 0004:000000f4       __imp___calloc_dbg         1002a0f4     MSVCRTD:MSVCR120D.dll
 0004:000000f8       __imp____dllonexit         1002a0f8     MSVCRTD:MSVCR120D.dll
 0004:000000fc       __imp___onexit             1002a0fc     MSVCRTD:MSVCR120D.dll
 0004:00000100       __imp____clean_type_info_names_internal 1002a100     MSVCRTD:MSVCR120D.dll
 0004:00000104       __imp___except_handler4_common 1002a104     MSVCRTD:MSVCR120D.dll
 0004:00000108       __imp___crt_debugger_hook  1002a108     MSVCRTD:MSVCR120D.dll
 0004:0000010c       __imp____crtUnhandledException 1002a10c     MSVCRTD:MSVCR120D.dll
 0004:00000110       __imp____crtTerminateProcess 1002a110     MSVCRTD:MSVCR120D.dll
 0004:00000114       __imp___lseeki64           1002a114     MSVCRTD:MSVCR120D.dll
 0004:00000118       __imp__malloc              1002a118     MSVCRTD:MSVCR120D.dll
 0004:0000011c       __imp__free                1002a11c     MSVCRTD:MSVCR120D.dll
 0004:00000120       __imp__wcstombs            1002a120     MSVCRTD:MSVCR120D.dll
 0004:00000124       __imp__strlen              1002a124     MSVCRTD:MSVCR120D.dll
 0004:00000128       __imp___snprintf           1002a128     MSVCRTD:MSVCR120D.dll
 0004:0000012c       __imp__memset              1002a12c     MSVCRTD:MSVCR120D.dll
 0004:00000130       __imp__memcpy              1002a130     MSVCRTD:MSVCR120D.dll
 0004:00000134       __imp__strcmp              1002a134     MSVCRTD:MSVCR120D.dll
 0004:00000138       \177MSVCR120D_NULL_THUNK_DATA 1002a138     MSVCRTD:MSVCR120D.dll
 0004:00000188       __IMPORT_DESCRIPTOR_KERNEL32 1002a188     kernel32:KERNEL32.dll
 0004:0000019c       __IMPORT_DESCRIPTOR_MSVCR120D 1002a19c     MSVCRTD:MSVCR120D.dll
 0004:000001b0       __NULL_IMPORT_DESCRIPTOR   1002a1b0     kernel32:KERNEL32.dll

 entry point at        0001:0001e8c0

